Microchip MPLAB XC8 Compiler V2.40

Linker command line:

-W-3 --edf=/opt/microchip/xc8/v2.40/pic/dat/20220703182018_en.msgs -cn \
  -h+dist/default/production/Lamp.X.production.sym \
  --cmf=dist/default/production/Lamp.X.production.cmf -z -Q16F886 \
  -o/tmp/xcXgfgNKJ --defsym=__MPLAB_BUILD=1 --fixupoverflow=error \
  -Mdist/default/production/Lamp.X.production.map --md=/tmp/xcXgFNkCn.dat \
  -E1 -ver=XC8 Compiler --acfsm=1493 -ACODE=00h-07FFhx4 \
  -ASTRCODE=00h-01FFFh -ASTRING=00h-0FFhx32 -ACONST=00h-0FFhx32 \
  -AENTRY=00h-0FFhx32 -ACOMMON=070h-07Fh -ABANK0=020h-06Fh \
  -ABANK1=0A0h-0EFh -ABANK2=0110h-016Fh -ABANK3=0190h-01EFh \
  -ARAM=020h-06Fh,0A0h-0EFh,0110h-016Fh,0190h-01EFh \
  -AABS1=020h-07Fh,0A0h-0EFh,0110h-016Fh,0190h-01EFh -ASFR0=00h-01Fh \
  -ASFR1=080h-09Fh -ASFR2=0100h-010Fh -ASFR3=0180h-018Fh \
  -ACONFIG=02007h-02008h -DCONFIG=2 -AIDLOC=02000h-02003h -DIDLOC=2 \
  -AEEDATA=00h-0FFh/02100h -peeprom_data=EEDATA -DEEDATA=2 -DCODE=2 \
  -DSTRCODE=2 -DSTRING=2 -DCONST=2 -DENTRY=2 \
  -preset_vec=00h,intentry=04h,init,end_init -ppowerup=CODE -pcinit=CODE \
  -pfunctab=ENTRY -k /tmp/xcXepBDDg.o \
  dist/default/production/Lamp.X.production.o 

Object code version is 3.11

Machine type is 16F886



                Name                               Link     Load   Length Selector   Space Scale
/tmp/xcXepBDDg.o
                end_init                             10       10        3        8       0
                reset_vec                             0        0        3        0       0
                config                             2007     2007        2        0       4
                idloc                              2000     2000        4        0       5
dist/default/production/Lamp.X.production.o
                cinit                                13       13       14        8       0
                functab                              27       27        F       4E       0
                intentry                              4        4        C        8       0
                config                             2007     2007        2        0       4
                idloc                              2000     2000        4        0       5
                text20                              2BA      2BA        2       6C       0
                text19                              2A1      2A1        7       6C       0
                text18                              29A      29A        7       6C       0
                text17                              293      293        7       6C       0
                text16                              28C      28C        7       6C       0
                text15                              2B4      2B4        4       6C       0
                text14                               E4       E4       79       6C       0
                text13                              21C      21C       23       6C       0
                text12                              1F9      1F9       23       6C       0
                text11                              23F      23F       17       6C       0
                text10                              277      277        D       6C       0
                text9                               1D6      1D6       23       6C       0
                text8                               256      256       14       6C       0
                text7                               26A      26A        D       6C       0
                text6                               2B8      2B8        2       6C       0
                text5                               2AE      2AE        6       6C       0
                text4                               2A8      2A8        6       6C       0
                text3                               186      186       29       6C       0
                text2                               15D      15D       29       6C       0
                text1                               1AF      1AF       27       6C       0
                maintext                             36       36       AE       6C       0
                cstackBANK0                          4E       4E        F       20       1
                cstackCOMMON                         70       70        C       70       1
                clrtext                             284      284        8       6C       0
                bssBANK0                             20       20       2E       20       1
                dataCOMMON                           7D       7D        1       70       1
                bssCOMMON                            7C       7C        1       70       1
                idataCOMMON                         2BC      2BC        1       6C       0

TOTAL           Name                               Link     Load   Length     Space
        CLASS   CODE           
                end_init                             10       10        3         0
                cinit                                13       13       14         0
                intentry                              4        4        C         0
                reset_vec                             0        0        3         0
                text20                              2BA      2BA        2         0
                text19                              2A1      2A1        7         0
                text18                              29A      29A        7         0
                text17                              293      293        7         0
                text16                              28C      28C        7         0
                text15                              2B4      2B4        4         0
                text14                               E4       E4       79         0
                text13                              21C      21C       23         0
                text12                              1F9      1F9       23         0
                text11                              23F      23F       17         0
                text10                              277      277        D         0
                text9                               1D6      1D6       23         0
                text8                               256      256       14         0
                text7                               26A      26A        D         0
                text6                               2B8      2B8        2         0
                text5                               2AE      2AE        6         0
                text4                               2A8      2A8        6         0
                text3                               186      186       29         0
                text2                               15D      15D       29         0
                text1                               1AF      1AF       27         0
                maintext                             36       36       AE         0
                clrtext                             284      284        8         0
                idataCOMMON                         2BC      2BC        1         0

        CLASS   STRCODE        

        CLASS   STRING         

        CLASS   CONST          

        CLASS   ENTRY          
                functab                              27       27        F         0

        CLASS   COMMON         
                cstackCOMMON                         70       70        C         1
                dataCOMMON                           7D       7D        1         1
                bssCOMMON                            7C       7C        1         1

        CLASS   BANK0          
                cstackBANK0                          4E       4E        F         1
                bssBANK0                             20       20       2E         1

        CLASS   BANK1          

        CLASS   BANK2          

        CLASS   BANK3          

        CLASS   RAM            

        CLASS   ABS1           
                abs_s1                               7E       7E        2         1

        CLASS   SFR0           

        CLASS   SFR1           

        CLASS   SFR2           

        CLASS   SFR3           

        CLASS   CONFIG         
                config                             2007     2007        2         4

        CLASS   IDLOC          
                idloc                              2000     2000        4         5

        CLASS   EEDATA         

        CLASS   STACK          



SEGMENTS        Name                           Load    Length   Top    Selector   Space  Class     Delta

                bssBANK0                       000020  00003D  00005D        20       1  BANK0       1
                reset_vec                      000000  000003  000003         0       0  CODE        2
                maintext                       000036  000287  0002BD        6C       0  CODE        2
                intentry                       000004  000023  000027         8       0  CODE        2
                cstackCOMMON                   000070  00000E  00007E        70       1  COMMON      1
                functab                        000027  00000F  000036        4E       0  ENTRY       2


UNUSED ADDRESS RANGES

        Name                Unused          Largest block    Delta
        BANK0            005D-006F             13           1
        BANK1            00A0-00EF             50           1
        BANK2            0110-016F             60           1
        BANK3            0190-01EF             60           1
        CODE             0003-0003              1           2
                         02BD-1FFF            800
        CONST            0003-0003              1           2
                         02BD-1FFF            100
        EEDATA           2100-21FF            100           2
        ENTRY            0003-0003              1           2
                         02BD-1FFF            100
        RAM              005D-006F             13           1
                         00A0-00EF             50
                         0110-016F             60
                         0190-01EF             60
        SFR0             0000-001F             20           1
        SFR1             0080-009F             20           1
        SFR2             0100-010F             10           1
        SFR3             0180-018F             10           1
        STRCODE          0003-0003              1           2
                         02BD-1FFF           1D43
        STRING           0003-0003              1           2
                         02BD-1FFF            100

                                  Symbol Table

?_taskData_get_MaxNoise               cstackCOMMON 0070
ISR_ADC_lecture_ready@lecture         cstackCOMMON 0076
ISR_periodic_interrupt@i              cstackCOMMON 0073
ISR_periodic_interrupt@task_amount    cstackCOMMON 0070
ISR_periodic_interrupt@task_array     cstackCOMMON 0072
_ADCON0bits                           (abs)        001F
_ADCON1bits                           (abs)        009F
_ADRESH                               (abs)        001E
_ADRESL                               (abs)        009E
_ANSELbits                            (abs)        0188
_INTCONbits                           (abs)        000B
_ISR_ADC_lecture_ready                text14       00E4
_ISR_periodic_interrupt               text13       021C
_MAIN_ISR                             text12       01F9
_OPTION_REGbits                       (abs)        0081
_PIE1bits                             (abs)        008C
_PIR1bits                             (abs)        000C
_T1CONbits                            (abs)        0010
_TMR0                                 (abs)        0001
_TMR1H                                (abs)        000F
_TMR1L                                (abs)        000E
_TRISAbits                            (abs)        0085
__Habs1                               abs1         006C
__Hbank0                              bank0        006C
__Hbank1                              bank1        006C
__Hbank2                              bank2        006C
__Hbank3                              bank3        006C
__HbssBANK0                           bssBANK0     006C
__HbssCOMMON                          bssCOMMON    006C
__Hcinit                              cinit        0027
__Hclrtext                            clrtext      006C
__Hcode                               code         006C
__Hcommon                             common       006C
__Hconfig                             config       2009
__HcstackBANK0                        cstackBANK0  006C
__HcstackCOMMON                       cstackCOMMON 006C
__HdataCOMMON                         dataCOMMON   006C
__Heeprom_data                        eeprom_data  0000
__Hend_init                           end_init     0013
__Hfunctab                            functab      0036
__HidataCOMMON                        idataCOMMON  006C
__Hidloc                              idloc        2004
__Hinit                               init         0010
__Hintentry                           intentry     0010
__Hmaintext                           maintext     006C
__Hpowerup                            powerup      0000
__Hram                                ram          006C
__Hreset_vec                          reset_vec    0003
__Hsfr0                               sfr0         006C
__Hsfr1                               sfr1         006C
__Hsfr2                               sfr2         006C
__Hsfr3                               sfr3         006C
__Hspace_0                            (abs)        02BD
__Hspace_1                            (abs)        007E
__Hspace_2                            (abs)        006C
__Hspace_3                            (abs)        0000
__Hspace_4                            (abs)        4010
__Hstack                              stack        006C
__Hstrings                            strings      006C
__Htext                               text         006C
__Labs1                               abs1         006C
__Lbank0                              bank0        006C
__Lbank1                              bank1        006C
__Lbank2                              bank2        006C
__Lbank3                              bank3        006C
__LbssBANK0                           bssBANK0     006C
__LbssCOMMON                          bssCOMMON    006C
__Lcinit                              cinit        0013
__Lclrtext                            clrtext      006C
__Lcode                               code         006C
__Lcommon                             common       006C
__Lconfig                             config       0000
__LcstackBANK0                        cstackBANK0  006C
__LcstackCOMMON                       cstackCOMMON 006C
__LdataCOMMON                         dataCOMMON   006C
__Leeprom_data                        eeprom_data  0000
__Lend_init                           end_init     0010
__Lfunctab                            functab      0027
__LidataCOMMON                        idataCOMMON  006C
__Lidloc                              idloc        0000
__Linit                               init         0010
__Lintentry                           intentry     0004
__Lmaintext                           maintext     006C
__Lpowerup                            powerup      0000
__Lram                                ram          006C
__Lreset_vec                          reset_vec    0000
__Lsfr0                               sfr0         006C
__Lsfr1                               sfr1         006C
__Lsfr2                               sfr2         006C
__Lsfr3                               sfr3         006C
__Lspace_0                            (abs)        0000
__Lspace_1                            (abs)        0000
__Lspace_2                            (abs)        0000
__Lspace_3                            (abs)        0000
__Lspace_4                            (abs)        0000
__Lstack                              stack        006C
__Lstrings                            strings      006C
__Ltext                               text         006C
__S0                                  (abs)        02BD
__S1                                  (abs)        007E
__S3                                  (abs)        0000
___bmul                               text11       023F
___bmul@multiplicand                  cstackBANK0  004E
___bmul@multiplier                    cstackBANK0  0051
___bmul@product                       cstackBANK0  0050
___int_sp                             stack        006C
___latbits                            (abs)        0002
___sp                                 stack        006C
___stackhi                            (abs)        0000
___stacklo                            (abs)        0000
__end_of_ISR_ADC_lecture_ready        text14       015D
__end_of_ISR_periodic_interrupt       text13       023F
__end_of_MAIN_ISR                     text12       021C
__end_of___bmul                       text11       0256
__end_of__fptable                     functab      0036
__end_of__initialization              cinit        0023
__end_of_create_task                  text10       0284
__end_of_initADCmodule                text9        01F9
__end_of_initHardware                 text7        0277
__end_of_initTIMER1module             text8        026A
__end_of_main                         maintext     00E4
__end_of_readHumidity                 text1        01D6
__end_of_readNoise                    text2        0186
__end_of_readTemperature              text3        01AF
__end_of_taskData_getADC_ready        text6        02BA
__end_of_taskData_get_ADC_CurrentTask text20       02BC
__end_of_taskData_get_MaxNoise        text19       02A8
__end_of_taskData_setADC_ready        text5        02B4
__end_of_taskData_set_ADC_CurrentTask text4        02AE
__end_of_taskData_set_Humidity        text18       02A1
__end_of_taskData_set_MaxNoise        text17       029A
__end_of_taskData_set_Temperature     text16       0293
__end_ofi1_taskData_setADC_ready      text15       02B8
__fptable                             functab      0027
__initialization                      cinit        0013
__pbssBANK0                           bssBANK0     0020
__pbssCOMMON                          bssCOMMON    007C
__pcstackBANK0                        cstackBANK0  004E
__pcstackCOMMON                       cstackCOMMON 0070
__pdataCOMMON                         dataCOMMON   007D
__pfunctab                            functab      0027
__pidataCOMMON                        idataCOMMON  02BC
__pintentry                           intentry     0004
__pmaintext                           maintext     0036
__ptext1                              text1        01AF
__ptext10                             text10       0277
__ptext11                             text11       023F
__ptext12                             text12       01F9
__ptext13                             text13       021C
__ptext14                             text14       00E4
__ptext15                             text15       02B4
__ptext16                             text16       028C
__ptext17                             text17       0293
__ptext18                             text18       029A
__ptext19                             text19       02A1
__ptext2                              text2        015D
__ptext20                             text20       02BA
__ptext3                              text3        0186
__ptext4                              text4        02A8
__ptext5                              text5        02AE
__ptext6                              text6        02B8
__ptext7                              text7        026A
__ptext8                              text8        0256
__ptext9                              text9        01D6
__size_of__fptable                    (abs)        0000
_adc_current_task                     bssCOMMON    007C
_adc_ready                            dataCOMMON   007D
_create_task                          text10       0277
_humidity                             bssBANK0     0024
_initADCmodule                        text9        01D6
_initHardware                         text7        026A
_initTIMER1module                     text8        0256
_main                                 maintext     0036
_max_noise                            bssBANK0     0020
_readHumidity                         text1        01AF
_readNoise                            text2        015D
_readTemperature                      text3        0186
_taskData_getADC_ready                text6        02B8
_taskData_get_ADC_CurrentTask         text20       02BA
_taskData_get_MaxNoise                text19       02A1
_taskData_setADC_ready                text5        02AE
_taskData_set_ADC_CurrentTask         text4        02A8
_taskData_set_Humidity                text18       029A
_taskData_set_MaxNoise                text17       0293
_taskData_set_Temperature             text16       028C
_task_array                           bssBANK0     0026
_temperature                          bssBANK0     0022
btemp                                 (abs)        007E
clear_ram0                            clrtext      0284
create_task@run                       cstackBANK0  0050
create_task@ticks_period              cstackBANK0  004E
create_task@to_create                 cstackBANK0  0053
end_of_initialization                 cinit        0023
fpbase                                functab      002C
fptable                               functab      0027
fptotal                               (abs)        0006
i1_taskData_setADC_ready              text15       02B4
i1taskData_setADC_ready@value         cstackCOMMON 0070
interrupt_function                    intentry     0004
intlevel0                             functab      0027
intlevel1                             functab      0027
intlevel2                             functab      0027
intlevel3                             functab      0027
intlevel4                             functab      0027
intlevel5                             functab      0027
main@i                                cstackBANK0  005C
reset_vec                             reset_vec    0000
saved_w                               (abs)        007E
start                                 init         0010
start_initialization                  cinit        0013
taskData_setADC_ready@value           cstackBANK0  004E
taskData_set_ADC_CurrentTask@value    cstackBANK0  004E
taskData_set_Humidity@value           cstackCOMMON 0070
taskData_set_MaxNoise@value           cstackCOMMON 0070
taskData_set_Temperature@value        cstackCOMMON 0070
wtemp0                                (abs)        007E


MODULE INFORMATION

Module		Function		Class		Link	Load	Size
/opt/microchip/xc8/v2.40/pic/sources/c90/common/Umul8.c
		___bmul        		CODE           	023F	0000	23

/opt/microchip/xc8/v2.40/pic/sources/c90/common/Umul8.c estimated size: 23

taskData.c
		_taskData_set_Humidity		CODE           	029A	0000	7
		_taskData_getADC_ready		CODE           	02B8	0000	2
		_taskData_setADC_ready		CODE           	02AE	0000	6
		_taskData_get_MaxNoise		CODE           	02A1	0000	7
		_taskData_set_MaxNoise		CODE           	0293	0000	7
		_taskData_get_ADC_CurrentTask		CODE           	02BA	0000	2
		_taskData_set_ADC_CurrentTask		CODE           	02A8	0000	6
		_taskData_set_Temperature		CODE           	028C	0000	7

taskData.c estimated size: 44

tasks.c
		_readNoise     		CODE           	015D	0000	41
		_readHumidity  		CODE           	01AF	0000	39
		_readTemperature		CODE           	0186	0000	41

tasks.c estimated size: 121

shared
		__initialization		CODE           	0013	0000	16
		__fptable      		ENTRY          	0027	0000	15
		i1_taskData_setADC_ready		CODE           	02B4	0000	4

shared estimated size: 35

hardware.c
		_initHardware  		CODE           	026A	0000	13
		_initTIMER1module		CODE           	0256	0000	20
		_initADCmodule 		CODE           	01D6	0000	35

hardware.c estimated size: 68

ISR.c
		_ISR_ADC_lecture_ready		CODE           	00E4	0000	121
		_ISR_periodic_interrupt		CODE           	021C	0000	35

ISR.c estimated size: 156

main.c
		_main          		CODE           	0036	0000	174
		_create_task   		CODE           	0277	0000	13
		_MAIN_ISR      		CODE           	01F9	0000	35

main.c estimated size: 222

